==================================================================================
파트 A. NSMC held-out 벤치마크  (n=5000, 긍정 2500 / 부정 2500)
==================================================================================

[A-1] 기본 성능
  model                  acc            95% CI  F1(pos)  F1(neg)     AUC   Brier
  mbert-nsmc          0.8724   [0.8630,0.8814]   0.8733   0.8715  0.9453  0.0943
  koelectra-gen       0.9238   [0.9162,0.9314]   0.9269   0.9204  0.9816  0.0546
  kcelectra-ko        0.8848   [0.8758,0.8934]   0.8854   0.8842  0.9549  0.0872
  ensemble-mean       0.9218   [0.9140,0.9294]   0.9228   0.9208  0.9761  0.0602
  tfidf-lr            0.8626   [0.8528,0.8722]   0.8615   0.8637  0.9404  0.0965
  lexicon-baseline    0.5886   [0.5750,0.6016]   0.7041   0.3254  0.6996  0.2150

[A-2] 보정 — ECE/MCE, 최적 임계값, 평균 확신도
  model                  ECE     MCE    thr*  acc@thr*   acc@0.5      평균확신도
  mbert-nsmc          0.0311  0.0967   0.421    0.8732    0.8724     0.9025
  koelectra-gen       0.0096  0.1080   0.732    0.9340    0.9238     0.9267
  kcelectra-ko        0.0338  0.2145   0.564    0.8868    0.8848     0.9162
  ensemble-mean       0.0356  0.1316   0.584    0.9250    0.9218     0.8867
  tfidf-lr            0.0183  0.0565   0.432    0.8656    0.8626     0.8531
  lexicon-baseline    0.0664  0.3775   0.697    0.6496    0.5886     0.6528

[A-3] 신뢰도 구간별 실제 정확도
  mbert-nsmc
    0.50-0.55:n=149,acc=0.537 0.55-0.60:n=134,acc=0.575 0.60-0.65:n=147,acc=0.633 0.65-0.70:n=232,acc=0.668 0.70-0.75:n=162,acc=0.667 0.75-0.80:n=201,acc=0.741 0.80-0.85:n=225,acc=0.729 0.85-0.90:n=271,acc=0.808 0.90-0.95:n=494,acc=0.848 0.95-1.00:n=2985,acc=0.971
  koelectra-gen
    0.50-0.55:n=90,acc=0.522 0.55-0.60:n=98,acc=0.582 0.60-0.65:n=105,acc=0.543 0.65-0.70:n=110,acc=0.664 0.70-0.75:n=115,acc=0.617 0.75-0.80:n=150,acc=0.733 0.80-0.85:n=180,acc=0.856 0.85-0.90:n=268,acc=0.869 0.90-0.95:n=446,acc=0.948 0.95-1.00:n=3438,acc=0.987
  kcelectra-ko
    0.50-0.55:n=72,acc=0.458 0.55-0.60:n=83,acc=0.578 0.60-0.65:n=79,acc=0.570 0.65-0.70:n=86,acc=0.593 0.70-0.75:n=109,acc=0.587 0.75-0.80:n=128,acc=0.664 0.80-0.85:n=155,acc=0.613 0.85-0.90:n=310,acc=0.726 0.90-0.95:n=987,acc=0.895 0.95-1.00:n=2991,acc=0.968
  ensemble-mean
    0.50-0.55:n=164,acc=0.518 0.55-0.60:n=150,acc=0.587 0.60-0.65:n=178,acc=0.758 0.65-0.70:n=205,acc=0.727 0.70-0.75:n=205,acc=0.839 0.75-0.80:n=222,acc=0.869 0.80-0.85:n=274,acc=0.931 0.85-0.90:n=331,acc=0.937 0.90-0.95:n=555,acc=0.953 0.95-1.00:n=2716,acc=0.992
  tfidf-lr
    0.50-0.55:n=251,acc=0.514 0.55-0.60:n=214,acc=0.561 0.60-0.65:n=253,acc=0.585 0.65-0.70:n=234,acc=0.667 0.70-0.75:n=258,acc=0.779 0.75-0.80:n=317,acc=0.811 0.80-0.85:n=400,acc=0.882 0.85-0.90:n=464,acc=0.899 0.90-0.95:n=711,acc=0.945 0.95-1.00:n=1898,acc=0.980
  lexicon-baseline
    0.50-0.55:n=3155,acc=0.452 0.55-0.60:- 0.60-0.65:n=1,acc=1.000 0.65-0.70:n=73,acc=0.767 0.70-0.75:- 0.75-0.80:n=10,acc=0.700 0.80-0.85:- 0.85-0.90:- 0.90-0.95:n=1761,acc=0.826 0.95-1.00:-

[A-4] 선택적 예측 — 확신도 상위 X%만 답할 때 오류율
  model                  AURC   err@20%   err@50%   err@80%  err@100%
  mbert-nsmc           0.0358    0.0070    0.0192    0.0705    0.1276
  koelectra-gen        0.0136    0.0030    0.0044    0.0203    0.0762
  kcelectra-ko         0.0347    0.0090    0.0292    0.0500    0.1152
  ensemble-mean        0.0159    0.0040    0.0084    0.0250    0.0782
  tfidf-lr             0.0400    0.0060    0.0280    0.0693    0.1374
  lexicon-baseline     0.2889    0.2140    0.2816    0.3842    0.4114

[A-5] 온도 스케일링 (앞 절반으로 T 적합 -> 뒤 절반 평가)
  model                  T*     ECE전     ECE후    Brier전    Brier후    acc변화
  mbert-nsmc           1.34   0.0355   0.0150    0.0931    0.0919  +0.0000
  koelectra-gen        0.98   0.0105   0.0125    0.0528    0.0528  +0.0000
  kcelectra-ko         1.14   0.0340   0.0342    0.0862    0.0849  +0.0000
  ensemble-mean        0.76   0.0397   0.0144    0.0590    0.0569  +0.0000
  tfidf-lr             0.92   0.0257   0.0190    0.0985    0.0984  +0.0000
  lexicon-baseline     1.64   0.0542   0.0282    0.2136    0.2109  +0.0000

[A-6] 모델 쌍 비교 — McNemar 정확검정 (쌍체, 양측)
  mbert-nsmc       vs koelectra-gen    onlyA=178   onlyB=435   p=8.74e-26  유의차 O
  mbert-nsmc       vs kcelectra-ko     onlyA=287   onlyB=349   p=0.0155  유의차 O
  mbert-nsmc       vs ensemble-mean    onlyA=70    onlyB=317   p=1.21e-38  유의차 O
  mbert-nsmc       vs tfidf-lr         onlyA=316   onlyB=267   p=0.0467  유의차 O
  mbert-nsmc       vs lexicon-baseline onlyA=1723  onlyB=304   p=4.69e-240  유의차 O
  koelectra-gen    vs kcelectra-ko     onlyA=374   onlyB=179   p=7.62e-17  유의차 O
  koelectra-gen    vs ensemble-mean    onlyA=157   onlyB=147   p=0.606  유의차 X
  koelectra-gen    vs tfidf-lr         onlyA=496   onlyB=190   p=2.14e-32  유의차 O
  koelectra-gen    vs lexicon-baseline onlyA=1761  onlyB=85    p=0  유의차 O
  kcelectra-ko     vs ensemble-mean    onlyA=59    onlyB=244   p=6.97e-28  유의차 O
  kcelectra-ko     vs tfidf-lr         onlyA=381   onlyB=270   p=1.55e-05  유의차 O
  kcelectra-ko     vs lexicon-baseline onlyA=1749  onlyB=268   p=6.69e-266  유의차 O
  ensemble-mean    vs tfidf-lr         onlyA=413   onlyB=117   p=1.05e-39  유의차 O
  ensemble-mean    vs lexicon-baseline onlyA=1818  onlyB=152   p=0  유의차 O
  tfidf-lr         vs lexicon-baseline onlyA=1724  onlyB=354   p=1.44e-215  유의차 O

[A-7] 길이별 정확도
  model                       0-10자         10-20자         20-35자         35-60자           60-자
  mbert-nsmc           0.869(n=404)  0.881(n=1313)  0.849(n=1457)  0.869(n=1096)   0.911(n=730)
  koelectra-gen        0.864(n=404)  0.911(n=1313)  0.921(n=1457)  0.936(n=1096)   0.967(n=730)
  kcelectra-ko         0.884(n=404)  0.878(n=1313)  0.875(n=1457)  0.886(n=1096)   0.915(n=730)
  ensemble-mean        0.918(n=404)  0.922(n=1313)  0.908(n=1457)  0.920(n=1096)   0.953(n=730)
  tfidf-lr             0.889(n=404)  0.871(n=1313)  0.844(n=1457)  0.865(n=1096)   0.867(n=730)
  lexicon-baseline     0.594(n=404)  0.570(n=1313)  0.588(n=1457)  0.587(n=1096)   0.623(n=730)

[A-8] 가장 확신하며 틀린 사례 (모델별 상위 5)
  [mbert-nsmc    ] gold=1 P(pos)=0.002 | 설정도 어의없고 김꽃비씨 연제욱씨 두분연기도 못봐주겠고 김꽃비씨 대사 치는거 대박 어색하고 오글거려서 욕나왔음... 그
  [mbert-nsmc    ] gold=1 P(pos)=0.002 | 마약먹고 찍은영화인가? 그렇다고해서 공포영화도아니고...코미디는뭐 ㅡㅡ
  [mbert-nsmc    ] gold=0 P(pos)=0.998 | 신박한 영화. 모티브가 코미디지만 웃기거나 하진 않았고... 하지만 묘하게 몰입되서 즐거운 마음으로 봤다.
  [mbert-nsmc    ] gold=1 P(pos)=0.003 | 히든싱어 시청률 높이려고 눈에 보이는게 없나봐; 히든싱어들이 노래부르는건좋은데 무슨 생방송 출전기회를 그딴식으로 뽑냐 
  [mbert-nsmc    ] gold=0 P(pos)=0.997 | 어린시절의 좋은기억속에 있는 추억의드라마.다시보면 머리모양이 촌스럽기 그지없다.
  [koelectra-gen ] gold=1 P(pos)=0.001 | 영화를 안본 사람들의 평점 무조건 1 그리고의 답변:: 1점도 아깝다 또는 0점은 없냐?
  [koelectra-gen ] gold=1 P(pos)=0.003 | 설정도 어의없고 김꽃비씨 연제욱씨 두분연기도 못봐주겠고 김꽃비씨 대사 치는거 대박 어색하고 오글거려서 욕나왔음... 그
  [koelectra-gen ] gold=0 P(pos)=0.995 | 러시아의 정적 속에서 더욱 시리게 느껴지는 그의 사랑이여....
  [koelectra-gen ] gold=1 P(pos)=0.006 | 마약먹고 찍은영화인가? 그렇다고해서 공포영화도아니고...코미디는뭐 ㅡㅡ
  [koelectra-gen ] gold=0 P(pos)=0.993 | 2편의 연장선으로 바라보게 되는 또 하나의 슬픈 이야기
  [kcelectra-ko  ] gold=0 P(pos)=0.975 | 재미있게잘봤습니다. 인간극장한편본듯
  [kcelectra-ko  ] gold=0 P(pos)=0.974 | 너무재밋다^_^
  [kcelectra-ko  ] gold=0 P(pos)=0.974 | OOO 친구와 처음으로 영화관 데이트 했어요^^ 아직까지 영화관은 무리라고 생각해서 걱정했더니 얼마나 집중하며 보는지 
  [kcelectra-ko  ] gold=0 P(pos)=0.973 | 인생에서 꼭 한 번 봐야할 영화입니다. 안 좋은 의미로 말이죠.
  [kcelectra-ko  ] gold=0 P(pos)=0.973 | 영화 재미있었습니다^^물론 보지는않았습니다 ^^
  [ensemble-mean ] gold=0 P(pos)=0.988 | 러시아의 정적 속에서 더욱 시리게 느껴지는 그의 사랑이여....
  [ensemble-mean ] gold=0 P(pos)=0.986 | 최고의 감동이지 아니하지 않을수 잇네
  [ensemble-mean ] gold=0 P(pos)=0.986 | 2편의 연장선으로 바라보게 되는 또 하나의 슬픈 이야기
  [ensemble-mean ] gold=0 P(pos)=0.985 | 6세 아이와 같이 관람했는데 지루하지 않게 볼수 있었어요. 아이들 영화지만 어른들도 충분히 즐길수 있겠네요 다만 유령 
  [ensemble-mean ] gold=1 P(pos)=0.016 | 마약먹고 찍은영화인가? 그렇다고해서 공포영화도아니고...코미디는뭐 ㅡㅡ
  [tfidf-lr      ] gold=1 P(pos)=0.002 | 영화를 안본 사람들의 평점 무조건 1 그리고의 답변:: 1점도 아깝다 또는 0점은 없냐?
  [tfidf-lr      ] gold=0 P(pos)=0.995 | 6세 아이와 같이 관람했는데 지루하지 않게 볼수 있었어요. 아이들 영화지만 어른들도 충분히 즐길수 있겠네요 다만 유령 
  [tfidf-lr      ] gold=0 P(pos)=0.993 | 2편의 연장선으로 바라보게 되는 또 하나의 슬픈 이야기
  [tfidf-lr      ] gold=1 P(pos)=0.011 | 설정도 어의없고 김꽃비씨 연제욱씨 두분연기도 못봐주겠고 김꽃비씨 대사 치는거 대박 어색하고 오글거려서 욕나왔음... 그
  [tfidf-lr      ] gold=1 P(pos)=0.013 | 마약먹고 찍은영화인가? 그렇다고해서 공포영화도아니고...코미디는뭐 ㅡㅡ
  [lexicon-baseline] gold=0 P(pos)=0.924 | 절대 봐서는 안 될 영화.. 재미도 없고 기분만 잡치고.. 한 세트장에서 다 해먹네
  [lexicon-baseline] gold=0 P(pos)=0.924 | 그냥 검은배경에 네온싸인같은게 번지는것만 나오는게 그래픽 좋은거면 호빗시리즈는 신의영역이군
  [lexicon-baseline] gold=0 P(pos)=0.924 | 진짜 너무 재미 없는데.... 높은평점에 편승해서 높은 평점 주는 분들 때매 평점 높은것 같네요
  [lexicon-baseline] gold=0 P(pos)=0.924 | 내생의 최고의 영화. ㅋㅋ 실력이 0.2정도 감소한 느낌이 드는건 저뿐인가요?
  [lexicon-baseline] gold=0 P(pos)=0.924 | 마직막 시합장면이 그중 제일 낫다.

[A-9] 파인튜닝 트랜스포머 3종이 모두 골드와 반대로 예측: 139건 (2.78%)
      -> NSMC 골드 라벨 노이즈의 상한 추정치. 샘플 12건:
     gold=0 | 체 게바라 일대기가 더 인간적이고 감동적임~~
     gold=0 | 10점은 있을 수 없다 헤헤
     gold=1 | 사진 제 싸이로 펌질합니다
     gold=0 | 전체적으로, 좀 더 깊이 들어갔더라면.. 하는 아쉬움이 남는다.
     gold=0 | 11편까지 나오다니 참 대단하다 일단은 중지된 상황이지만..
     gold=0 | 전설의고향 극장판...
     gold=0 | ㅋㅋㅋㅋㅋㅋㅋㅋㅋㅋㅋ참잼잇네여
     gold=0 | 재미있게잘봤습니다. 인간극장한편본듯
     gold=1 | 배우들 캐스팅보소..콜레오네끼리 만났네ㅋㅋ
     gold=0 | 초강력 똘끼만땅 주인공의 홀로코스트를 담은 애뜻한 영화.
     gold=0 | 평이하고 담백한 이야기. TV 단막극 같은 느낌.
     gold=1 | 허세로 가득찬 김치년 김치남새끼들이 꼭 봐라

[A-10] 모델 간 예측 일치도 (쌍별 라벨 일치 비율)
  mbert-nsmc       vs koelectra-gen    일치 0.8774
  mbert-nsmc       vs kcelectra-ko     일치 0.8728
  koelectra-gen    vs kcelectra-ko     일치 0.8894

저장: results/nsmc_report_5000.json
